R_DACDegradation_p1_P1 = prod(c( DAC_P1^1))
R_DACDegradation_p1_P2 = prod(c( DAC_P2^1))
R_DACDegradation_p1_P3 = prod(c( DAC_P3^1))
R_DACMovements_p1_P1_p2_P1 = prod(c( DAC_P1^1))
R_DACMovements_p1_P1_p2_P2 = prod(c( DAC_P1^1))
R_DACMovements_p1_P1_p2_P3 = prod(c( DAC_P1^1))
R_DACMovements_p1_P2_p2_P1 = prod(c( DAC_P2^1))
R_DACMovements_p1_P2_p2_P2 = prod(c( DAC_P2^1))
R_DACMovements_p1_P2_p2_P3 = prod(c( DAC_P2^1))
R_DACMovements_p1_P3_p2_P1 = prod(c( DAC_P3^1))
R_DACMovements_p1_P3_p2_P2 = prod(c( DAC_P3^1))
R_DACMovements_p1_P3_p2_P3 = prod(c( DAC_P3^1))
R_FromTimoEFF_p1_P1 = prod(c( Resting_Teff_temp_P1^1))
R_FromTimoEFF_p1_P2 = prod(c( Resting_Teff_temp_P2^1))
R_FromTimoEFF_p1_P3 = prod(c( Resting_Teff_temp_P3^1))
R_FromTimoREG_p1_P1 = prod(c( Resting_Treg_temp_P1^1))
R_FromTimoREG_p1_P2 = prod(c( Resting_Treg_temp_P2^1))
R_FromTimoREG_p1_P3 = prod(c( Resting_Treg_temp_P3^1))
R_MemActivation_p1_P1 = prod(c( EBV_P1^1, EffectorMemory^1))
R_MemActivation_p1_P2 = prod(c( EffectorMemory^1, EBV_P2^1))
R_MemActivation_p1_P3 = prod(c( EffectorMemory^1, EBV_P3^1))
R_MovementEBV_p1_P1_p2_P1 = prod(c( EBV_P1^1))
R_MovementEBV_p1_P1_p2_P2 = prod(c( EBV_P1^1))
R_MovementEBV_p1_P1_p2_P3 = prod(c( EBV_P1^1))
R_MovementEBV_p1_P2_p2_P1 = prod(c( EBV_P2^1))
R_MovementEBV_p1_P2_p2_P2 = prod(c( EBV_P2^1))
R_MovementEBV_p1_P2_p2_P3 = prod(c( EBV_P2^1))
R_MovementEBV_p1_P3_p2_P1 = prod(c( EBV_P3^1))
R_MovementEBV_p1_P3_p2_P2 = prod(c( EBV_P3^1))
R_MovementEBV_p1_P3_p2_P3 = prod(c( EBV_P3^1))
R_MovementTeff_p1_P1_p2_P1 = prod(c( Teff_P1^1))
R_MovementTeff_p1_P1_p2_P2 = prod(c( Teff_P1^1))
R_MovementTeff_p1_P1_p2_P3 = prod(c( Teff_P1^1))
R_MovementTeff_p1_P2_p2_P1 = prod(c( Teff_P2^1))
R_MovementTeff_p1_P2_p2_P2 = prod(c( Teff_P2^1))
R_MovementTeff_p1_P2_p2_P3 = prod(c( Teff_P2^1))
R_MovementTeff_p1_P3_p2_P1 = prod(c( Teff_P3^1))
R_MovementTeff_p1_P3_p2_P2 = prod(c( Teff_P3^1))
R_MovementTeff_p1_P3_p2_P3 = prod(c( Teff_P3^1))
R_MovementTreg_p1_P1_p2_P1 = prod(c( Treg_P1^1))
R_MovementTreg_p1_P1_p2_P2 = prod(c( Treg_P1^1))
R_MovementTreg_p1_P1_p2_P3 = prod(c( Treg_P1^1))
R_MovementTreg_p1_P2_p2_P1 = prod(c( Treg_P2^1))
R_MovementTreg_p1_P2_p2_P2 = prod(c( Treg_P2^1))
R_MovementTreg_p1_P2_p2_P3 = prod(c( Treg_P2^1))
R_MovementTreg_p1_P3_p2_P1 = prod(c( Treg_P3^1))
R_MovementTreg_p1_P3_p2_P2 = prod(c( Treg_P3^1))
R_MovementTreg_p1_P3_p2_P3 = prod(c( Treg_P3^1))
R_NKDegradation_p1_P1 = prod(c( NK_P1^1))
R_NKDegradation_p1_P2 = prod(c( NK_P2^1))
R_NKDegradation_p1_P3 = prod(c( NK_P3^1))
R_NKarrive_p1_P1 = prod(c( NK_temp_P1^1))
R_NKarrive_p1_P2 = prod(c( NK_temp_P2^1))
R_NKarrive_p1_P3 = prod(c( NK_temp_P3^1))
R_NKdup_p1_P1 = prod(c( NK_P1^1, IL2_P1^1, NK_temp_P1^1))
R_NKdup_p1_P2 = prod(c( NK_P2^1, IL2_P2^1, NK_temp_P2^1))
R_NKdup_p1_P3 = prod(c( NK_P3^1, IL2_P3^1, NK_temp_P3^1))
R_NKkillsTeff_p1_P1 = prod(c( Teff_P1^1, NK_P1^1))
R_NKkillsTeff_p1_P2 = prod(c( Teff_P2^1, NK_P2^1))
R_NKkillsTeff_p1_P3 = prod(c( Teff_P3^1, NK_P3^1))
R_NKkillsTreg_p1_P1 = prod(c( Treg_P1^1, NK_P1^1))
R_NKkillsTreg_p1_P2 = prod(c( Treg_P2^1, NK_P2^1))
R_NKkillsTreg_p1_P3 = prod(c( Treg_P3^1, NK_P3^1))
R_Remyelinization_l1_L2_p1_P1 = prod(c( ODC_L2_P1^1))
R_Remyelinization_l1_L2_p1_P2 = prod(c( ODC_L2_P2^1))
R_Remyelinization_l1_L2_p1_P3 = prod(c( ODC_L2_P3^1))
R_Remyelinization_l1_L3_p1_P1 = prod(c( ODC_L3_P1^1))
R_Remyelinization_l1_L3_p1_P2 = prod(c( ODC_L3_P2^1))
R_Remyelinization_l1_L3_p1_P3 = prod(c( ODC_L3_P3^1))
R_Remyelinization_l1_L4_p1_P1 = prod(c( ODC_L4_P1^1))
R_Remyelinization_l1_L4_p1_P2 = prod(c( ODC_L4_P2^1))
R_Remyelinization_l1_L4_p1_P3 = prod(c( ODC_L4_P3^1))
R_TeffActivation_p1_P1 = prod(c( EBV_P1^1, Resting_Teff_P1^1))
R_TeffActivation_p1_P2 = prod(c( EBV_P2^1, Resting_Teff_P2^1))
R_TeffActivation_p1_P3 = prod(c( EBV_P3^1, Resting_Teff_P3^1))
R_TeffDeath_p1_P1 = prod(c( Teff_P1^1))
R_TeffDeath_p1_P2 = prod(c( Teff_P2^1))
R_TeffDeath_p1_P3 = prod(c( Teff_P3^1))
R_TeffDup_Asym_p1_P1 = prod(c( Teff_P1^1, IL2_P1^1, DAC_P1^1))
R_TeffDup_Asym_p1_P2 = prod(c( Teff_P2^1, IL2_P2^1, DAC_P2^1))
R_TeffDup_Asym_p1_P3 = prod(c( Teff_P3^1, IL2_P3^1, DAC_P3^1))
R_TeffDup_Sym_p1_P1 = prod(c( Teff_P1^1, IL2_P1^1, DAC_P1^1))
R_TeffDup_Sym_p1_P2 = prod(c( Teff_P2^1, IL2_P2^1, DAC_P2^1))
R_TeffDup_Sym_p1_P3 = prod(c( Teff_P3^1, IL2_P3^1, DAC_P3^1))
R_TeffKillsODC1_l1_L1_p1_P1 = prod(c( ODC_L2_P1^1, Teff_P1^1))
R_TeffKillsODC1_l1_L1_p1_P2 = prod(c( ODC_L2_P2^1, Teff_P2^1))
R_TeffKillsODC1_l1_L1_p1_P3 = prod(c( ODC_L2_P3^1, Teff_P3^1))
R_TeffKillsODC2_l1_L2_p1_P1 = prod(c( ODC_L3_P1^1, Teff_P1^1))
R_TeffKillsODC2_l1_L2_p1_P2 = prod(c( ODC_L3_P2^1, Teff_P2^1))
R_TeffKillsODC2_l1_L2_p1_P3 = prod(c( ODC_L3_P3^1, Teff_P3^1))
R_TeffKillsODC3_l1_L3_p1_P1 = prod(c( ODC_L4_P1^1, Teff_P1^1))
R_TeffKillsODC3_l1_L3_p1_P2 = prod(c( ODC_L4_P2^1, Teff_P2^1))
R_TeffKillsODC3_l1_L3_p1_P3 = prod(c( ODC_L4_P3^1, Teff_P3^1))
R_TeffKillsODC4_l1_L4_p1_P1 = prod(c( ODC_L5_P1^1, Teff_P1^1))
R_TeffKillsODC4_l1_L4_p1_P2 = prod(c( ODC_L5_P2^1, Teff_P2^1))
R_TeffKillsODC4_l1_L4_p1_P3 = prod(c( ODC_L5_P3^1, Teff_P3^1))
R_TeffkillsEBV_p1_P1 = prod(c( EBV_P1^1, Teff_P1^1))
R_TeffkillsEBV_p1_P2 = prod(c( EBV_P2^1, Teff_P2^1))
R_TeffkillsEBV_p1_P3 = prod(c( EBV_P3^1, Teff_P3^1))
R_TregActivation_p1_P1 = prod(c( Resting_Treg_P1^1, Teff_P1^1))
R_TregActivation_p1_P2 = prod(c( Resting_Treg_P2^1, Teff_P2^1))
R_TregActivation_p1_P3 = prod(c( Resting_Treg_P3^1, Teff_P3^1))
R_TregDeath_p1_P1 = prod(c( Treg_P1^1))
R_TregDeath_p1_P2 = prod(c( Treg_P2^1))
R_TregDeath_p1_P3 = prod(c( Treg_P3^1))
R_TregDup_p1_P1 = prod(c( Treg_P1^1, IL2_P1^1, DAC_P1^1))
R_TregDup_p1_P2 = prod(c( Treg_P2^1, IL2_P2^1, DAC_P2^1))
R_TregDup_p1_P3 = prod(c( Treg_P3^1, IL2_P3^1, DAC_P3^1))
R_TregKillsTeff_p1_P1 = prod(c( Teff_P1^1, Treg_P1^1))
R_TregKillsTeff_p1_P2 = prod(c( Teff_P2^1, Treg_P2^1))
R_TregKillsTeff_p1_P3 = prod(c( Teff_P3^1, Treg_P3^1))
